[38;5;112m[Appium][0m Welcome to Appium v2.11.3
[38;5;112m[Appium][0m Non-default server args:
[38;5;112m[Appium][0m { basePath: [32m'/wd/hub'[39m, loglevel: [32m'info'[39m, port: [33m62344[39m }
[38;5;112m[Appium][0m Attempting to load driver uiautomator2...
[38;5;112m[Appium][0m Appium REST http interface listener started on http://0.0.0.0:62344/wd/hub
[38;5;112m[Appium][0m You can provide the following URLs in your client code to connect to this server:
	http://192.168.45.1:62344/wd/hub
	http://192.168.218.1:62344/wd/hub
	http://192.168.0.122:62344/wd/hub
	http://127.0.0.1:62344/wd/hub (only accessible from the same host)
[38;5;112m[Appium][0m Available drivers:
[38;5;112m[Appium][0m   - uiautomator2@3.7.7 (automationName 'UiAutomator2')
[38;5;112m[Appium][0m Available plugins:
[38;5;112m[Appium][0m   - images@3.0.18
[38;5;112m[Appium][0m   - execute-driver@3.0.33
[38;5;112m[Appium][0m   - relaxed-caps@1.0.6
[38;5;112m[Appium][0m   - universal-xml@1.0.21
[38;5;112m[Appium][0m No plugins activated. Use the --use-plugins flag with names of plugins to activate
[38;5;86m[HTTP][0m [37m-->[39m [37mGET[39m [37m/wd/hub/status[39m [90m{}[39m
[38;5;86m[HTTP][0m [37m<-- GET /wd/hub/status [39m[32m200[39m [90m7 ms - 111[39m [90m[39m
[38;5;86m[HTTP][0m [37m-->[39m [37mGET[39m [37m/wd/hub/status[39m [90m{}[39m
[38;5;86m[HTTP][0m [37m<-- GET /wd/hub/status [39m[32m200[39m [90m1 ms - 111[39m [90m[39m
[38;5;86m[HTTP][0m [37m-->[39m [37mPOST[39m [37m/wd/hub/session[39m [90m{"capabilities":{"firstMatch":[{"appium:appActivity":".Settings","appium:appPackage":"com.android.settings","appium:autoGrantPermissions":true,"appium:automationName":"uiautomator2","appium:deviceName":"Xiaomi 220333QAG (Android 13)","appium:newCommandTimeout":1800,"appium:platformName":"ANDROID","appium:platformVersion":"13","appium:systemPort":8211,"appium:udid":"ec23dbe5","platformName":"ANDROID"}]},"desiredCapabilities":{"appium:appActivity":".Settings","appium:appPackage":"com.android.settings","appium:autoGrantPermissions":true,"appium:automationName":"uiautomator2","appium:deviceName":"Xiaomi 220333QAG (Android 13)","appium:newCommandTimeout":1800,"appium:platformName":"ANDROID","appium:platformVersion":"13","appium:systemPort":8211,"appium:udid":"ec23dbe5"}}[39m
[38;5;123m[BaseDriver][0m Ignoring capability 'appium:platformName=ANDROID' and using capability 'platformName=ANDROID'
[38;5;123m[BaseDriver][0m The capabilities ["platformName"] are standard capabilities and do not require "appium:" prefix
[38;5;112m[Appium][0m Attempting to find matching driver for automationName 'uiautomator2' and platformName 'ANDROID'
[38;5;112m[Appium][0m The 'uiautomator2' driver was installed and matched caps.
[38;5;112m[Appium][0m Will require it at C:\Users\ICA-4024\.appium\node_modules\appium-uiautomator2-driver
[38;5;157m[AppiumDriver@372c][0m Appium v2.11.3 creating new AndroidUiautomator2Driver (v3.7.7) session
[38;5;157m[AppiumDriver@372c][0m Checking BaseDriver versions for Appium and AndroidUiautomator2Driver
[38;5;157m[AppiumDriver@372c][0m Appium's BaseDriver version is 9.11.3
[38;5;157m[AppiumDriver@372c][0m AndroidUiautomator2Driver's BaseDriver version is 9.11.3
[38;5;170m[9d628ba4][0m[38;5;-75m[AndroidUiautomator2Driver@85fc][0m Session created with session id: 9d628ba4-08f0-40d8-9f7d-89fda51ecfde
[38;5;170m[9d628ba4][0m[38;5;229m[ADB][0m Found 1 'build-tools' folders under 'C:\Users\ICA-4024\AppData\Local\Android\Sdk' (newest first):
[38;5;170m[9d628ba4][0m[38;5;229m[ADB][0m     C:\Users\ICA-4024\AppData\Local\Android\Sdk\build-tools\35.0.0
[38;5;170m[9d628ba4][0m[38;5;229m[ADB][0m Using 'adb.exe' from 'C:\Users\ICA-4024\AppData\Local\Android\Sdk\platform-tools\adb.exe'
[38;5;170m[9d628ba4][0m[38;5;-75m[AndroidUiautomator2Driver@85fc][0m Retrieving device list
[38;5;170m[9d628ba4][0m[38;5;-75m[AndroidUiautomator2Driver@85fc][0m Using device: ec23dbe5
[38;5;170m[9d628ba4][0m[38;5;229m[ADB][0m Using 'adb.exe' from 'C:\Users\ICA-4024\AppData\Local\Android\Sdk\platform-tools\adb.exe'
[38;5;170m[9d628ba4][0m[38;5;-75m[AndroidUiautomator2Driver@85fc][0m Starting 'com.android.settings' directly on the device
[38;5;170m[9d628ba4][0m[38;5;229m[ADB][0m Getting device platform version
[38;5;170m[9d628ba4][0m[38;5;-75m[AndroidUiautomator2Driver@85fc][0m Relaxing hidden api policy
[38;5;170m[9d628ba4][0m[38;5;-75m[AndroidUiautomator2Driver@85fc][0m No app sent in, not parsing package/activity
[38;5;170m[9d628ba4][0m[38;5;229m[ADB][0m Using 'aapt2.exe' from 'C:\Users\ICA-4024\AppData\Local\Android\Sdk\build-tools\35.0.0\aapt2.exe'
[38;5;170m[9d628ba4][0m[38;5;-75m[AndroidUiautomator2Driver@85fc][0m Server packages are not going to be (re)installed
[38;5;170m[9d628ba4][0m[38;5;229m[ADB][0m Adding packages ["io.appium.settings","io.appium.uiautomator2.server","io.appium.uiautomator2.server.test"] to Doze whitelist
[38;5;170m[9d628ba4][0m[38;5;-75m[AndroidUiautomator2Driver@85fc][0m Starting UIAutomator2 server 7.0.22
[38;5;170m[9d628ba4][0m[38;5;-75m[AndroidUiautomator2Driver@85fc][0m Using UIAutomator2 server from 'C:\Users\ICA-4024\.appium\node_modules\appium-uiautomator2-driver\node_modules\appium-uiautomator2-server\apks\appium-uiautomator2-server-v7.0.22.apk' and test from 'C:\Users\ICA-4024\.appium\node_modules\appium-uiautomator2-driver\node_modules\appium-uiautomator2-server\apks\appium-uiautomator2-server-debug-androidTest.apk'
[38;5;170m[9d628ba4][0m[38;5;-75m[AndroidUiautomator2Driver@85fc][0m Waiting up to 30000ms for UiAutomator2 to be online...
[38;5;170m[9d628ba4][0m[38;5;-75m[AndroidUiautomator2Driver@85fc][0m socket hang up
[38;5;170m[9d628ba4][0m[38;5;-75m[AndroidUiautomator2Driver@85fc][0m socket hang up
[38;5;170m[9d628ba4][0m[38;5;-75m[AndroidUiautomator2Driver@85fc][0m socket hang up
[38;5;170m[9d628ba4][0m[38;5;-75m[AndroidUiautomator2Driver@85fc][0m Determined the downstream protocol as 'W3C'
[38;5;170m[9d628ba4][0m[38;5;-75m[AndroidUiautomator2Driver@85fc][0m Screen already unlocked, doing nothing
[38;5;170m[9d628ba4][0m[38;5;-75m[AndroidUiautomator2Driver@85fc][0m Starting 'com.android.settings/.Settings and waiting for 'com.android.settings/.Settings'
[38;5;170m[9d628ba4][0m[38;5;157m[AppiumDriver@372c][0m New AndroidUiautomator2Driver session created successfully, session 9d628ba4-08f0-40d8-9f7d-89fda51ecfde added to master session list
[38;5;170m[9d628ba4][0m[38;5;86m[HTTP][0m [37m<-- POST /wd/hub/session [39m[32m200[39m [90m7890 ms - 1069[39m [90m[39m
[38;5;86m[HTTP][0m [37m-->[39m [37mGET[39m [37m/wd/hub/status[39m [90m{}[39m
[38;5;86m[HTTP][0m [37m<-- GET /wd/hub/status [39m[32m200[39m [90m1 ms - 111[39m [90m[39m
[38;5;170m[9d628ba4][0m[38;5;86m[HTTP][0m [37m-->[39m [37mPOST[39m [37m/wd/hub/session/9d628ba4-08f0-40d8-9f7d-89fda51ecfde/timeouts[39m [90m{"implicit":60000}[39m
[38;5;170m[9d628ba4][0m[38;5;86m[HTTP][0m [37m<-- POST /wd/hub/session/9d628ba4-08f0-40d8-9f7d-89fda51ecfde/timeouts [39m[32m200[39m [90m3 ms - 14[39m [90m[39m
[38;5;170m[9d628ba4][0m[38;5;86m[HTTP][0m [37m-->[39m [37mPOST[39m [37m/wd/hub/session/9d628ba4-08f0-40d8-9f7d-89fda51ecfde/execute/sync[39m [90m{"args":[],"script":"mobile: getSystemBars"}[39m
[38;5;170m[9d628ba4][0m[38;5;-75m[AndroidUiautomator2Driver@85fc][0m Executing native command 'mobile: getSystemBars'
[38;5;170m[9d628ba4][0m[38;5;86m[HTTP][0m [37m<-- POST /wd/hub/session/9d628ba4-08f0-40d8-9f7d-89fda51ecfde/execute/sync [39m[32m200[39m [90m179 ms - 148[39m [90m[39m
[38;5;170m[9d628ba4][0m[38;5;86m[HTTP][0m [37m-->[39m [37mPOST[39m [37m/wd/hub/session/9d628ba4-08f0-40d8-9f7d-89fda51ecfde/execute/sync[39m [90m{"args":[{"appId":"com.finxtra.cardapp","bundleId":"com.finxtra.cardapp"}],"script":"mobile: activateApp"}[39m
[38;5;170m[9d628ba4][0m[38;5;-75m[AndroidUiautomator2Driver@85fc][0m Executing native command 'mobile: activateApp'
[38;5;170m[9d628ba4][0m[38;5;86m[HTTP][0m [37m<-- POST /wd/hub/session/9d628ba4-08f0-40d8-9f7d-89fda51ecfde/execute/sync [39m[32m200[39m [90m243 ms - 14[39m [90m[39m
[38;5;170m[9d628ba4][0m[38;5;86m[HTTP][0m [37m-->[39m [37mGET[39m [37m/wd/hub/session/9d628ba4-08f0-40d8-9f7d-89fda51ecfde/source[39m [90m{}[39m
[38;5;170m[9d628ba4][0m[38;5;-75m[AndroidUiautomator2Driver@85fc][0m Driver proxy active, passing request on via HTTP proxy
[38;5;170m[9d628ba4][0m[38;5;-75m[AndroidUiautomator2Driver@85fc][0m Replacing sessionId 0a42e52f-e0ee-4204-bbf8-b404804ccc94 with 9d628ba4-08f0-40d8-9f7d-89fda51ecfde
[38;5;170m[9d628ba4][0m[38;5;86m[HTTP][0m [37m<-- GET /wd/hub/session/9d628ba4-08f0-40d8-9f7d-89fda51ecfde/source [39m[32m200[39m [90m859 ms - 21790[39m [90m[39m
[38;5;170m[9d628ba4][0m[38;5;86m[HTTP][0m [37m-->[39m [37mGET[39m [37m/wd/hub/session/9d628ba4-08f0-40d8-9f7d-89fda51ecfde/screenshot[39m [90m{}[39m
[38;5;170m[9d628ba4][0m[38;5;86m[HTTP][0m [37m<-- GET /wd/hub/session/9d628ba4-08f0-40d8-9f7d-89fda51ecfde/screenshot [39m[32m200[39m [90m600 ms - 127016[39m [90m[39m
[38;5;170m[9d628ba4][0m[38;5;86m[HTTP][0m [37m-->[39m [37mDELETE[39m [37m/wd/hub/session/9d628ba4-08f0-40d8-9f7d-89fda51ecfde[39m [90m{}[39m
[38;5;170m[9d628ba4][0m[38;5;157m[AppiumDriver@372c][0m Removing session 9d628ba4-08f0-40d8-9f7d-89fda51ecfde from our master session list
[38;5;170m[9d628ba4][0m[38;5;-75m[AndroidUiautomator2Driver@85fc][0m Did not get confirmation UiAutomator2 deleteSession worked; Error was: UnknownError: An unknown server-side error occurred while processing the command. Original error: 'DELETE /' cannot be proxied to UiAutomator2 server because the instrumentation process is not running (probably crashed). Check the server log and/or the logcat output for more details
[38;5;170m[9d628ba4][0m[38;5;-75m[AndroidUiautomator2Driver@85fc][0m Unable to force stop app: Error executing adbExec. Original error: 'Command 'C:\\Users\\ICA-4024\\AppData\\Local\\Android\\Sdk\\platform-tools\\adb.exe -P 5037 -s ec23dbe5 shell am force-stop com.android.settings' exited with code 1'; Command output: adb.exe: device 'ec23dbe5' not found

[38;5;170m[9d628ba4][0m[38;5;229m[ADB][0m Error sending command, reconnecting device and retrying: forward,--remove,tcp:8211
[38;5;170m[9d628ba4][0m[38;5;-75m[AndroidUiautomator2Driver@85fc][0m Unable to remove system port forward: Could not find a connected Android device in 20000ms
[38;5;170m[9d628ba4][0m[38;5;-75m[AndroidUiautomator2Driver@85fc][0m Restoring hidden api policy to the device default configuration
[38;5;170m[9d628ba4][0m[38;5;86m[HTTP][0m [37m<-- DELETE /wd/hub/session/9d628ba4-08f0-40d8-9f7d-89fda51ecfde [39m[31m500[39m [90m21176 ms - 1350[39m [90m[39m
[38;5;170m[9d628ba4][0m[38;5;-75m[AndroidUiautomator2Driver@85fc][0m Shutting down because we waited 1800 seconds for a command
[38;5;170m[9d628ba4][0m[38;5;157m[AppiumDriver@372c][0m Ending session, cause was 'New Command Timeout of 1800 seconds expired. Try customizing the timeout using the 'newCommandTimeout' desired capability'
[38;5;170m[9d628ba4][0m[38;5;157m[AppiumDriver@372c][0m Removing session '9d628ba4-08f0-40d8-9f7d-89fda51ecfde' from our master session list
[38;5;170m[9d628ba4][0m[38;5;-75m[AndroidUiautomator2Driver@85fc][0m Did not get confirmation UiAutomator2 deleteSession worked; Error was: UnknownError: An unknown server-side error occurred while processing the command. Original error: 'DELETE /' cannot be proxied to UiAutomator2 server because the instrumentation process is not running (probably crashed). Check the server log and/or the logcat output for more details
[38;5;170m[9d628ba4][0m[38;5;-75m[AndroidUiautomator2Driver@85fc][0m Unable to force stop app: Error executing adbExec. Original error: 'Command 'C:\\Users\\ICA-4024\\AppData\\Local\\Android\\Sdk\\platform-tools\\adb.exe -P 5037 -s ec23dbe5 shell am force-stop com.android.settings' exited with code 1'; Command output: adb.exe: device 'ec23dbe5' not found

[38;5;170m[9d628ba4][0m[38;5;229m[ADB][0m Error sending command, reconnecting device and retrying: forward,--remove,tcp:8211
[38;5;170m[9d628ba4][0m[38;5;-75m[AndroidUiautomator2Driver@85fc][0m Unable to remove system port forward: Could not find a connected Android device in 20000ms
[38;5;170m[9d628ba4][0m[38;5;-75m[AndroidUiautomator2Driver@85fc][0m Restoring hidden api policy to the device default configuration
